<html>
<body>
<pre>
<h1>礦ision Build Log</h1>
<h2>Tool Versions:</h2>
IDE-Version: μVision V5.43.0.0
Copyright (C) 2025 ARM Ltd and ARM Germany GmbH. All rights reserved.
License Information: 1 Vulpan, 1, LIC=----
 
Tool Versions:
Toolchain:       MDK-Lite  Version: 5.43.0.0
Toolchain Path:  C:\Users\Vulpan\AppData\Local\Keil_v5\ARM\aaaa\Bin
C Compiler:      Armcc.exe V5.06 update 7 (build 960)
Assembler:       Armasm.exe V5.06 update 7 (build 960)
Linker/Locator:  ArmLink.exe V5.06 update 7 (build 960)
Library Manager: ArmAr.exe V5.06 update 7 (build 960)
Hex Converter:   FromElf.exe V5.06 update 7 (build 960)
CPU DLL:         SARMCM3.DLL V5.43.0.0
Dialog DLL:      DCM.DLL V1.17.5.0
Target DLL:      CMSIS_AGDI.dll V1.33.24.0
Dialog DLL:      TCM.DLL V1.56.6.0
 
<h2>Project:</h2>
D:\2026电子设计项目\stm32G474_TEST\MDK-ARM\stm32G474_TEST.uvprojx
Project File Date:  04/29/2026

<h2>Output:</h2>
*** Using Compiler 'V5.06 update 7 (build 960)', folder: 'C:\Users\Vulpan\AppData\Local\Keil_v5\ARM\aaaa\Bin'
Build target 'stm32G474_TEST'
compiling main.c...
../User/My_PWM.h(47): warning:  #1295-D: Deprecated declaration Motor_Error - give arg types
  void Motor_Error();
../User/My_PWM.h(48): warning:  #1295-D: Deprecated declaration Motor_Right - give arg types
  void Motor_Right();
../User/flow_sensor.h(44): warning:  #1295-D: Deprecated declaration flow_sensor_Init - give arg types
  void flow_sensor_Init();
../Core/Src/main.c(252): warning:  #186-D: pointless comparison of unsigned integer with zero
                  if (spray_control.motor_running && spray_control.target_flow >= 0 && (uint32_t)golbal_flow.acculat >= spray_control.target_flow)
../Core/Src/main.c(146): warning:  #177-D: variable "t"  was declared but never referenced
  		uint8_t t;
../Core/Src/main.c(148): warning:  #177-D: variable "times"  was declared but never referenced
      uint16_t times = 0;
../Core/Src/main.c(151): warning:  #177-D: variable "test_num"  was declared but never referenced
  int test_num = 0;
../Core/Src/main.c(152): warning:  #177-D: variable "test_float"  was declared but never referenced
  float test_float = 0;
../Core/Src/main.c(347): warning:  #223-D: function "HAL_UART_RxCpltCallback_0" declared implicitly
          HAL_UART_RxCpltCallback_0(huart);
../Core/Src/main.c: 9 warnings, 0 errors
compiling My_PWM.c...
..\User\My_PWM.h(47): warning:  #1295-D: Deprecated declaration Motor_Error - give arg types
  void Motor_Error();
..\User\My_PWM.h(48): warning:  #1295-D: Deprecated declaration Motor_Right - give arg types
  void Motor_Right();
..\User\My_PWM.c(53): warning:  #186-D: pointless comparison of unsigned integer with zero
      if(angle < 0)   angle = 0;
..\User\My_PWM.c(66): warning:  #186-D: pointless comparison of unsigned integer with zero
      if(angle < 0)   angle = 0;
..\User\My_PWM.c: 4 warnings, 0 errors
linking...
Program Size: Code=24568 RO-data=784 RW-data=64 ZI-data=4232  
FromELF: creating hex file...
"stm32G474_TEST\stm32G474_TEST.axf" - 0 Error(s), 13 Warning(s).

<h2>Software Packages used:</h2>

Package Vendor: ARM
                https://www.keil.com/pack/ARM.CMSIS.6.3.0.pack
                ARM::CMSIS@6.3.0
                CMSIS (Common Microcontroller Software Interface Standard)
   * Component: CORE Version: 6.2.0

Package Vendor: Keil
                https://www.keil.com/pack/Keil.STM32G4xx_DFP.2.1.0.pack
                Keil::STM32G4xx_DFP@2.1.0
                STMicroelectronics STM32G4 Series Device Support

<h2>Collection of Component include folders:</h2>
  ./RTE/_stm32G474_TEST
  C:/Users/Vulpan/AppData/Local/Arm/Packs/ARM/CMSIS/6.3.0/CMSIS/Core/Include

<h2>Collection of Component Files used:</h2>

   * Component: ARM::CMSIS:CORE@6.2.0
      Include file:  CMSIS/Core/Include/tz_context.h
Build Time Elapsed:  00:00:02
</pre>
</body>
</html>
