BL51 BANKED LINKER/LOCATER V6.22.4.0                                                    05/12/2026  08:35:39  PAGE 1


BL51 BANKED LINKER/LOCATER V6.22.4.0, INVOKED BY:
C:\USERS\VULPAN\APPDATA\LOCAL\KEIL_V5\C51\BIN\BL51.EXE .\Objects\1.obj TO .\Objects\8 PRINT (.\Listings\8.m51)


MEMORY MODEL: SMALL


INPUT MODULES INCLUDED:
  .\Objects\1.obj (1)
  C:\USERS\VULPAN\APPDATA\LOCAL\KEIL_V5\C51\LIB\C51S.LIB (?C_STARTUP)


LINK MAP OF MODULE:  .\Objects\8 (1)


            TYPE    BASE      LENGTH    RELOCATION   SEGMENT NAME
            -----------------------------------------------------

            * * * * * * *   D A T A   M E M O R Y   * * * * * * *
            REG     0000H     0008H     ABSOLUTE     "REG BANK 0"
            IDATA   0008H     0001H     UNIT         ?STACK

            * * * * * * *   C O D E   M E M O R Y   * * * * * * *
            CODE    0000H     0003H     ABSOLUTE     
                    0003H     07FDH                  *** GAP ***
            CODE    0800H     000CH     UNIT         ?C_C51STARTUP
            CODE    080CH     0005H     UNIT         ?PR?MAIN?1



OVERLAY MAP OF MODULE:   .\Objects\8 (1)


SEGMENT
  +--> CALLED SEGMENT
---------------------
?C_C51STARTUP
  +--> ?PR?MAIN?1



SYMBOL TABLE OF MODULE:  .\Objects\8 (1)

  VALUE           TYPE          NAME
  ----------------------------------

  -------         MODULE        1
  C:0000H         SYMBOL        _ICE_DUMMY_
  D:0090H         PUBLIC        P1
  C:080CH         PUBLIC        main
  -------         PROC          MAIN
  C:080CH         LINE#         2
  C:080CH         LINE#         3
  C:080CH         LINE#         5
  C:080FH         LINE#         6
  -------         ENDPROC       MAIN
  -------         ENDMOD        1

BL51 BANKED LINKER/LOCATER V6.22.4.0                                                  05/12/2026  08:35:39  PAGE 2


******************************************************************************
* RESTRICTED VERSION WITH 0800H BYTE CODE SIZE LIMIT; USED: 0005H BYTE ( 0%) *
******************************************************************************

Program Size: data=9.0 xdata=0 code=20
LINK/LOCATE RUN COMPLETE.  0 WARNING(S),  0 ERROR(S)
